******************************************************************************
                  TI ARM Linker PC v20.2.7                     
******************************************************************************
>> Linked Wed Oct 16 18:03:05 2024

OUTPUT FILE NAME:   <ilkders_02.out>
ENTRY POINT SYMBOL: "_c_int00_noargs"  address: 000008c5


MEMORY CONFIGURATION

         name            origin    length      used     unused   attr    fill
----------------------  --------  ---------  --------  --------  ----  --------
  FLASH                 00000000   00040000  00000bba  0003f446  R  X
  SRAM                  20000000   00008000  000004a1  00007b5f  RW X


SEGMENT ALLOCATION MAP

run origin  load origin   length   init length attrs members
----------  ----------- ---------- ----------- ----- -------
00000000    00000000    00000bbc   00000bbc    r-x
  00000000    00000000    0000026c   0000026c    r-- .intvecs
  0000026c    0000026c    0000079a   0000079a    r-x .text
  00000a08    00000a08    00000190   00000190    r-- .const
  00000b98    00000b98    00000024   00000024    r-- .cinit
20000000    20000000    000004a5   00000000    rw-
  20000000    20000000    0000026c   00000000    rw- .vtable
  20000270    20000270    00000200   00000000    rw- .stack
  20000470    20000470    00000035   00000000    rw- .bss


SECTION ALLOCATION MAP

 output                                  attributes/
section   page    origin      length       input sections
--------  ----  ----------  ----------   ----------------
.intvecs   0    00000000    0000026c     
                  00000000    0000026c     tm4c123gh6pm_startup_ccs.obj (.intvecs)

.text      0    0000026c    0000079a     
                  0000026c    0000016c     driverlib.lib : gpio.obj (.text:GPIOPadConfigSet)
                  000003d8    00000118                   : sysctl.obj (.text:SysCtlClockGet)
                  000004f0    000000f8     main.obj (.text)
                  000005e8    000000f4     driverlib.lib : sysctl.obj (.text:SysCtlClockSet)
                  000006dc    00000068                   : interrupt.obj (.text:IntEnable)
                  00000744    0000004c                   : gpio.obj (.text:GPIOPinConfigure)
                  00000790    00000046                   : uart.obj (.text:UARTConfigSetExpClk)
                  000007d6    00000002     --HOLE-- [fill = 0]
                  000007d8    00000044     rtsv7M4_T_le_v4SPD16_eabi.lib : autoinit.c.obj (.text:__TI_auto_init_nobinit_nopinit:__TI_auto_init_nobinit_nopinit)
                  0000081c    00000040     driverlib.lib : uart.obj (.text:_UARTIntNumberGet)
                  0000085c    00000034                   : interrupt.obj (.text:IntRegister)
                  00000890    00000034                   : sysctl.obj (.text:SysCtlPeripheralEnable)
                  000008c4    00000034     rtsv7M4_T_le_v4SPD16_eabi.lib : boot_cortex_m.c.obj (.text:_c_int00_noargs:_c_int00_noargs)
                  000008f8    0000002c     driverlib.lib : gpio.obj (.text:GPIODirModeSet)
                  00000924    00000020                   : uart.obj (.text:UARTDisable)
                  00000944    0000001c     rtsv7M4_T_le_v4SPD16_eabi.lib : copy_zero_init.c.obj (.text:decompress:ZI:__TI_zero_init_nomemset:__TI_zero_init_nomemset)
                  00000960    0000001a     driverlib.lib : gpio.obj (.text:GPIOPinTypeGPIOOutput)
                  0000097a    00000018                   : uart.obj (.text:UARTIntRegister)
                  00000992    00000016                   : gpio.obj (.text:GPIOPinTypeUART)
                  000009a8    00000014                   : uart.obj (.text:UARTEnable)
                  000009bc    0000000e                   : uart.obj (.text:UARTCharGetNonBlocking)
                  000009ca    0000000c     tm4c123gh6pm_startup_ccs.obj (.text)
                  000009d6    0000000a     driverlib.lib : uart.obj (.text:UARTIntStatus)
                  000009e0    00000008                   : uart.obj (.text:UARTIntEnable)
                  000009e8    00000006                   : gpio.obj (.text:GPIOPinWrite)
                  000009ee    00000006                   : sysctl.obj (.text:SysCtlDelay)
                  000009f4    00000006                   : uart.obj (.text:UARTClockSourceSet)
                  000009fa    00000004                   : uart.obj (.text:UARTIntClear)
                  000009fe    00000004     rtsv7M4_T_le_v4SPD16_eabi.lib : pre_init.c.obj (.text:_system_pre_init)
                  00000a02    00000004                                   : exit.c.obj (.text:abort:abort)

.const     0    00000a08    00000190     
                  00000a08    00000090     driverlib.lib : gpio.obj (.const:g_pui32GPIOBaseAddrs)
                  00000a98    0000006c                   : sysctl.obj (.const:g_pui32Xtals)
                  00000b04    00000040                   : uart.obj (.const:g_ppui32UARTIntMap)
                  00000b44    00000040                   : uart.obj (.const:g_ppui32UARTIntMapSnowflake)
                  00000b84    00000014                   : interrupt.obj (.const:g_pui32EnRegs)

.cinit     0    00000b98    00000024     
                  00000b98    00000008     (.cinit..bss.load) [load image, compression = zero_init]
                  00000ba0    00000008     (.cinit..vtable.load) [load image, compression = zero_init]
                  00000ba8    00000004     (__TI_handler_table)
                  00000bac    00000010     (__TI_cinit_table)

.init_array 
*          0    00000000    00000000     UNINITIALIZED

.vtable    0    20000000    0000026c     UNINITIALIZED
                  20000000    0000026c     driverlib.lib : interrupt.obj (.vtable)

.bss       0    20000470    00000035     UNINITIALIZED
                  20000470    00000034     (.common:uartBuffer)
                  200004a4    00000001     (.common:uartCnt)

.stack     0    20000270    00000200     UNINITIALIZED
                  20000270    00000004     rtsv7M4_T_le_v4SPD16_eabi.lib : boot_cortex_m.c.obj (.stack)
                  20000274    000001fc     --HOLE--

__llvm_prf_cnts 
*          0    20000000    00000000     UNINITIALIZED

MODULE SUMMARY

       Module                         code   ro data   rw data
       ------                         ----   -------   -------
    .\
       tm4c123gh6pm_startup_ccs.obj   12     620       0      
       main.obj                       248    0         53     
    +--+------------------------------+------+---------+---------+
       Total:                         260    620       53     
                                                              
    C:/ti/TivaWare_C_Series-2.2.0.295/driverlib/ccs/Debug/driverlib.lib
       interrupt.obj                  156    20        620    
       sysctl.obj                     582    108       0      
       gpio.obj                       538    144       0      
       uart.obj                       252    128       0      
    +--+------------------------------+------+---------+---------+
       Total:                         1528   400       620    
                                                              
    D:\Code Composer Studio\ccs\tools\compiler\ti-cgt-arm_20.2.7.LTS\lib\rtsv7M4_T_le_v4SPD16_eabi.lib
       autoinit.c.obj                 68     0         0      
       boot_cortex_m.c.obj            52     0         0      
       copy_zero_init.c.obj           28     0         0      
       exit.c.obj                     4      0         0      
       pre_init.c.obj                 4      0         0      
    +--+------------------------------+------+---------+---------+
       Total:                         156    0         0      
                                                              
       Stack:                         0      0         512    
       Linker Generated:              0      36        0      
    +--+------------------------------+------+---------+---------+
       Grand Total:                   1944   1056      1185   


LINKER GENERATED COPY TABLES

__TI_cinit_table @ 00000bac records: 2, size/record: 8, table size: 16
	.bss: load addr=00000b98, load size=00000008 bytes, run addr=20000470, run size=00000035 bytes, compression=zero_init
	.vtable: load addr=00000ba0, load size=00000008 bytes, run addr=20000000, run size=0000026c bytes, compression=zero_init


LINKER GENERATED HANDLER TABLE

__TI_handler_table @ 00000ba8 records: 1, size/record: 4, table size: 4
	index: 0, handler: __TI_zero_init


GLOBAL SYMBOLS: SORTED ALPHABETICALLY BY Name 

address   name                          
-------   ----                          
00000a03  C$$EXIT                       
000008f9  GPIODirModeSet                
0000026d  GPIOPadConfigSet              
00000745  GPIOPinConfigure              
00000961  GPIOPinTypeGPIOOutput         
00000993  GPIOPinTypeUART               
000009e9  GPIOPinWrite                  
000006dd  IntEnable                     
0000085d  IntRegister                   
000009cb  ResetISR                      
000003d9  SysCtlClockGet                
000005e9  SysCtlClockSet                
000009ef  SysCtlDelay                   
00000891  SysCtlPeripheralEnable        
000009bd  UARTCharGetNonBlocking        
000009f5  UARTClockSourceSet            
00000791  UARTConfigSetExpClk           
00000925  UARTDisable                   
000009a9  UARTEnable                    
000009fb  UARTIntClear                  
000009e1  UARTIntEnable                 
0000097b  UARTIntRegister               
000009d7  UARTIntStatus                 
20000470  __STACK_END                   
00000200  __STACK_SIZE                  
20000470  __STACK_TOP                   
00000bac  __TI_CINIT_Base               
00000bbc  __TI_CINIT_Limit              
00000ba8  __TI_Handler_Table_Base       
00000bac  __TI_Handler_Table_Limit      
000007d9  __TI_auto_init_nobinit_nopinit
ffffffff  __TI_pprof_out_hndl           
ffffffff  __TI_prof_data_size           
ffffffff  __TI_prof_data_start          
00000000  __TI_static_base__            
00000945  __TI_zero_init_nomemset       
ffffffff  __binit__                     
ffffffff  __c_args__                    
UNDEFED   __mpu_init                    
20000270  __stack                       
20000000  __start___llvm_prf_cnts       
20000000  __stop___llvm_prf_cnts        
000008c5  _c_int00_noargs               
UNDEFED   _system_post_cinit            
000009ff  _system_pre_init              
00000a03  abort                         
ffffffff  binit                         
20000000  g_pfnRAMVectors               
00000000  g_pfnVectors                  
0000051f  main                          
20000470  uartBuffer                    
200004a4  uartCnt                       
000004f1  uartinterrupt                 


GLOBAL SYMBOLS: SORTED BY Symbol Address 

address   name                          
-------   ----                          
00000000  __TI_static_base__            
00000000  g_pfnVectors                  
00000200  __STACK_SIZE                  
0000026d  GPIOPadConfigSet              
000003d9  SysCtlClockGet                
000004f1  uartinterrupt                 
0000051f  main                          
000005e9  SysCtlClockSet                
000006dd  IntEnable                     
00000745  GPIOPinConfigure              
00000791  UARTConfigSetExpClk           
000007d9  __TI_auto_init_nobinit_nopinit
0000085d  IntRegister                   
00000891  SysCtlPeripheralEnable        
000008c5  _c_int00_noargs               
000008f9  GPIODirModeSet                
00000925  UARTDisable                   
00000945  __TI_zero_init_nomemset       
00000961  GPIOPinTypeGPIOOutput         
0000097b  UARTIntRegister               
00000993  GPIOPinTypeUART               
000009a9  UARTEnable                    
000009bd  UARTCharGetNonBlocking        
000009cb  ResetISR                      
000009d7  UARTIntStatus                 
000009e1  UARTIntEnable                 
000009e9  GPIOPinWrite                  
000009ef  SysCtlDelay                   
000009f5  UARTClockSourceSet            
000009fb  UARTIntClear                  
000009ff  _system_pre_init              
00000a03  C$$EXIT                       
00000a03  abort                         
00000ba8  __TI_Handler_Table_Base       
00000bac  __TI_CINIT_Base               
00000bac  __TI_Handler_Table_Limit      
00000bbc  __TI_CINIT_Limit              
20000000  __start___llvm_prf_cnts       
20000000  __stop___llvm_prf_cnts        
20000000  g_pfnRAMVectors               
20000270  __stack                       
20000470  __STACK_END                   
20000470  __STACK_TOP                   
20000470  uartBuffer                    
200004a4  uartCnt                       
ffffffff  __TI_pprof_out_hndl           
ffffffff  __TI_prof_data_size           
ffffffff  __TI_prof_data_start          
ffffffff  __binit__                     
ffffffff  __c_args__                    
ffffffff  binit                         
UNDEFED   __mpu_init                    
UNDEFED   _system_post_cinit            

[53 symbols]
