******************************************************************************
                  TI ARM Linker PC v20.2.7                     
******************************************************************************
>> Linked Thu Oct 31 13:42:01 2024

OUTPUT FILE NAME:   <uart_01.out>
ENTRY POINT SYMBOL: "_c_int00_noargs"  address: 00000b85


MEMORY CONFIGURATION

         name            origin    length      used     unused   attr    fill
----------------------  --------  ---------  --------  --------  ----  --------
  FLASH                 00000000   00040000  00000f5e  0003f0a2  R  X
  SRAM                  20000000   00008000  000004a8  00007b58  RW X


SEGMENT ALLOCATION MAP

run origin  load origin   length   init length attrs members
----------  ----------- ---------- ----------- ----- -------
00000000    00000000    00000f64   00000f64    r-x
  00000000    00000000    0000026c   0000026c    r-- .intvecs
  0000026c    0000026c    00000a9e   00000a9e    r-x .text
  00000d0c    00000d0c    00000230   00000230    r-- .const
  00000f40    00000f40    00000024   00000024    r-- .cinit
20000000    20000000    000004ac   00000000    rw-
  20000000    20000000    0000026c   00000000    rw- .vtable
  20000270    20000270    00000200   00000000    rw- .stack
  20000470    20000470    0000003c   00000000    rw- .bss


SECTION ALLOCATION MAP

 output                                  attributes/
section   page    origin      length       input sections
--------  ----  ----------  ----------   ----------------
.intvecs   0    00000000    0000026c     
                  00000000    0000026c     tm4c123gh6pm_startup_ccs.obj (.intvecs)

.text      0    0000026c    00000a9e     
                  0000026c    00000290     main.obj (.text)
                  000004fc    0000016c     driverlib.lib : gpio.obj (.text:GPIOPadConfigSet)
                  00000668    00000118                   : sysctl.obj (.text:SysCtlClockGet)
                  00000780    000000f4                   : sysctl.obj (.text:SysCtlClockSet)
                  00000874    0000007a     rtsv7M4_T_le_v4SPD16_eabi.lib : memset_t2.asm.obj (.text)
                  000008ee    00000002     --HOLE-- [fill = 0]
                  000008f0    00000068     driverlib.lib : interrupt.obj (.text:IntEnable)
                  00000958    00000060                   : timer.obj (.text:TimerConfigure)
                  000009b8    0000004c                   : gpio.obj (.text:GPIOPinConfigure)
                  00000a04    0000004c                   : timer.obj (.text:_TimerIntNumberGet)
                  00000a50    00000046                   : uart.obj (.text:UARTConfigSetExpClk)
                  00000a96    00000002     --HOLE-- [fill = 0]
                  00000a98    00000044     rtsv7M4_T_le_v4SPD16_eabi.lib : autoinit.c.obj (.text:__TI_auto_init_nobinit_nopinit:__TI_auto_init_nobinit_nopinit)
                  00000adc    00000040     driverlib.lib : uart.obj (.text:_UARTIntNumberGet)
                  00000b1c    00000034                   : interrupt.obj (.text:IntRegister)
                  00000b50    00000034                   : sysctl.obj (.text:SysCtlPeripheralEnable)
                  00000b84    00000034     rtsv7M4_T_le_v4SPD16_eabi.lib : boot_cortex_m.c.obj (.text:_c_int00_noargs:_c_int00_noargs)
                  00000bb8    0000002c     driverlib.lib : gpio.obj (.text:GPIODirModeSet)
                  00000be4    00000020                   : uart.obj (.text:UARTDisable)
                  00000c04    0000001c     rtsv7M4_T_le_v4SPD16_eabi.lib : copy_zero_init.c.obj (.text:decompress:ZI:__TI_zero_init_nomemset:__TI_zero_init_nomemset)
                  00000c20    0000001a     driverlib.lib : gpio.obj (.text:GPIOPinTypeGPIOOutput)
                  00000c3a    00000018                   : timer.obj (.text:TimerIntRegister)
                  00000c52    00000018                   : uart.obj (.text:UARTIntRegister)
                  00000c6a    00000016                   : gpio.obj (.text:GPIOPinTypeUART)
                  00000c80    00000014                   : uart.obj (.text:UARTEnable)
                  00000c94    00000012                   : timer.obj (.text:TimerLoadSet)
                  00000ca6    0000000e                   : timer.obj (.text:TimerEnable)
                  00000cb4    0000000e                   : uart.obj (.text:UARTCharGetNonBlocking)
                  00000cc2    0000000c     tm4c123gh6pm_startup_ccs.obj (.text)
                  00000cce    0000000a     driverlib.lib : uart.obj (.text:UARTIntStatus)
                  00000cd8    00000008                   : timer.obj (.text:TimerIntEnable)
                  00000ce0    00000008                   : uart.obj (.text:UARTIntEnable)
                  00000ce8    00000006                   : gpio.obj (.text:GPIOPinWrite)
                  00000cee    00000006                   : sysctl.obj (.text:SysCtlDelay)
                  00000cf4    00000006                   : uart.obj (.text:UARTClockSourceSet)
                  00000cfa    00000004                   : timer.obj (.text:TimerIntClear)
                  00000cfe    00000004                   : uart.obj (.text:UARTIntClear)
                  00000d02    00000004     rtsv7M4_T_le_v4SPD16_eabi.lib : pre_init.c.obj (.text:_system_pre_init)
                  00000d06    00000004                                   : exit.c.obj (.text:abort:abort)

.const     0    00000d0c    00000230     
                  00000d0c    00000090     driverlib.lib : gpio.obj (.const:g_pui32GPIOBaseAddrs)
                  00000d9c    0000006c                   : sysctl.obj (.const:g_pui32Xtals)
                  00000e08    00000060                   : timer.obj (.const:g_ppui32TimerIntMap)
                  00000e68    00000040                   : timer.obj (.const:g_ppui32TimerIntMapSnowflake)
                  00000ea8    00000040                   : uart.obj (.const:g_ppui32UARTIntMap)
                  00000ee8    00000040                   : uart.obj (.const:g_ppui32UARTIntMapSnowflake)
                  00000f28    00000014                   : interrupt.obj (.const:g_pui32EnRegs)

.cinit     0    00000f40    00000024     
                  00000f40    00000008     (.cinit..bss.load) [load image, compression = zero_init]
                  00000f48    00000008     (.cinit..vtable.load) [load image, compression = zero_init]
                  00000f50    00000004     (__TI_handler_table)
                  00000f54    00000010     (__TI_cinit_table)

.init_array 
*          0    00000000    00000000     UNINITIALIZED

.vtable    0    20000000    0000026c     UNINITIALIZED
                  20000000    0000026c     driverlib.lib : interrupt.obj (.vtable)

.bss       0    20000470    0000003c     UNINITIALIZED
                  20000470    00000034     (.common:uartBuffer)
                  200004a4    00000002     (.common:blue)
                  200004a6    00000002     (.common:green)
                  200004a8    00000002     (.common:red)
                  200004aa    00000001     (.common:tmrCnt)
                  200004ab    00000001     (.common:uartCnt)

.stack     0    20000270    00000200     UNINITIALIZED
                  20000270    00000004     rtsv7M4_T_le_v4SPD16_eabi.lib : boot_cortex_m.c.obj (.stack)
                  20000274    000001fc     --HOLE--

__llvm_prf_cnts 
*          0    20000000    00000000     UNINITIALIZED

MODULE SUMMARY

       Module                         code   ro data   rw data
       ------                         ----   -------   -------
    .\
       main.obj                       656    0         60     
       tm4c123gh6pm_startup_ccs.obj   12     620       0      
    +--+------------------------------+------+---------+---------+
       Total:                         668    620       60     
                                                              
    C:/ti/TivaWare_C_Series-2.2.0.295/driverlib/ccs/Debug/driverlib.lib
       interrupt.obj                  156    20        620    
       sysctl.obj                     582    108       0      
       gpio.obj                       538    144       0      
       timer.obj                      240    160       0      
       uart.obj                       252    128       0      
    +--+------------------------------+------+---------+---------+
       Total:                         1768   560       620    
                                                              
    D:\Code Composer Studio\ccs\tools\compiler\ti-cgt-arm_20.2.7.LTS\lib\rtsv7M4_T_le_v4SPD16_eabi.lib
       memset_t2.asm.obj              122    0         0      
       autoinit.c.obj                 68     0         0      
       boot_cortex_m.c.obj            52     0         0      
       copy_zero_init.c.obj           28     0         0      
       exit.c.obj                     4      0         0      
       pre_init.c.obj                 4      0         0      
    +--+------------------------------+------+---------+---------+
       Total:                         278    0         0      
                                                              
       Stack:                         0      0         512    
       Linker Generated:              0      36        0      
    +--+------------------------------+------+---------+---------+
       Grand Total:                   2714   1216      1192   


LINKER GENERATED COPY TABLES

__TI_cinit_table @ 00000f54 records: 2, size/record: 8, table size: 16
	.bss: load addr=00000f40, load size=00000008 bytes, run addr=20000470, run size=0000003c bytes, compression=zero_init
	.vtable: load addr=00000f48, load size=00000008 bytes, run addr=20000000, run size=0000026c bytes, compression=zero_init


LINKER GENERATED HANDLER TABLE

__TI_handler_table @ 00000f50 records: 1, size/record: 4, table size: 4
	index: 0, handler: __TI_zero_init


GLOBAL SYMBOLS: SORTED ALPHABETICALLY BY Name 

address   name                          
-------   ----                          
00000d07  C$$EXIT                       
00000bb9  GPIODirModeSet                
000004fd  GPIOPadConfigSet              
000009b9  GPIOPinConfigure              
00000c21  GPIOPinTypeGPIOOutput         
00000c6b  GPIOPinTypeUART               
00000ce9  GPIOPinWrite                  
000008f1  IntEnable                     
00000b1d  IntRegister                   
00000cc3  ResetISR                      
00000669  SysCtlClockGet                
00000781  SysCtlClockSet                
00000cef  SysCtlDelay                   
00000b51  SysCtlPeripheralEnable        
00000959  TimerConfigure                
00000ca7  TimerEnable                   
00000cfb  TimerIntClear                 
00000cd9  TimerIntEnable                
00000c3b  TimerIntRegister              
00000c95  TimerLoadSet                  
00000cb5  UARTCharGetNonBlocking        
00000cf5  UARTClockSourceSet            
00000a51  UARTConfigSetExpClk           
00000be5  UARTDisable                   
00000c81  UARTEnable                    
00000cff  UARTIntClear                  
00000ce1  UARTIntEnable                 
00000c53  UARTIntRegister               
00000ccf  UARTIntStatus                 
20000470  __STACK_END                   
00000200  __STACK_SIZE                  
20000470  __STACK_TOP                   
00000f54  __TI_CINIT_Base               
00000f64  __TI_CINIT_Limit              
00000f50  __TI_Handler_Table_Base       
00000f54  __TI_Handler_Table_Limit      
00000a99  __TI_auto_init_nobinit_nopinit
ffffffff  __TI_pprof_out_hndl           
ffffffff  __TI_prof_data_size           
ffffffff  __TI_prof_data_start          
00000000  __TI_static_base__            
00000c05  __TI_zero_init_nomemset       
00000875  __aeabi_memclr                
00000875  __aeabi_memclr4               
00000875  __aeabi_memclr8               
00000877  __aeabi_memset                
00000877  __aeabi_memset4               
00000877  __aeabi_memset8               
ffffffff  __binit__                     
ffffffff  __c_args__                    
UNDEFED   __mpu_init                    
20000270  __stack                       
20000000  __start___llvm_prf_cnts       
20000000  __stop___llvm_prf_cnts        
00000b85  _c_int00_noargs               
UNDEFED   _system_post_cinit            
00000d03  _system_pre_init              
00000d07  abort                         
ffffffff  binit                         
200004a4  blue                          
20000000  g_pfnRAMVectors               
00000000  g_pfnVectors                  
200004a6  green                         
0000035b  main                          
0000087d  memset                        
200004a8  red                           
0000026d  timerInterrupt                
200004aa  tmrCnt                        
20000470  uartBuffer                    
200004ab  uartCnt                       
000002c3  uartinterrupt                 


GLOBAL SYMBOLS: SORTED BY Symbol Address 

address   name                          
-------   ----                          
00000000  __TI_static_base__            
00000000  g_pfnVectors                  
00000200  __STACK_SIZE                  
0000026d  timerInterrupt                
000002c3  uartinterrupt                 
0000035b  main                          
000004fd  GPIOPadConfigSet              
00000669  SysCtlClockGet                
00000781  SysCtlClockSet                
00000875  __aeabi_memclr                
00000875  __aeabi_memclr4               
00000875  __aeabi_memclr8               
00000877  __aeabi_memset                
00000877  __aeabi_memset4               
00000877  __aeabi_memset8               
0000087d  memset                        
000008f1  IntEnable                     
00000959  TimerConfigure                
000009b9  GPIOPinConfigure              
00000a51  UARTConfigSetExpClk           
00000a99  __TI_auto_init_nobinit_nopinit
00000b1d  IntRegister                   
00000b51  SysCtlPeripheralEnable        
00000b85  _c_int00_noargs               
00000bb9  GPIODirModeSet                
00000be5  UARTDisable                   
00000c05  __TI_zero_init_nomemset       
00000c21  GPIOPinTypeGPIOOutput         
00000c3b  TimerIntRegister              
00000c53  UARTIntRegister               
00000c6b  GPIOPinTypeUART               
00000c81  UARTEnable                    
00000c95  TimerLoadSet                  
00000ca7  TimerEnable                   
00000cb5  UARTCharGetNonBlocking        
00000cc3  ResetISR                      
00000ccf  UARTIntStatus                 
00000cd9  TimerIntEnable                
00000ce1  UARTIntEnable                 
00000ce9  GPIOPinWrite                  
00000cef  SysCtlDelay                   
00000cf5  UARTClockSourceSet            
00000cfb  TimerIntClear                 
00000cff  UARTIntClear                  
00000d03  _system_pre_init              
00000d07  C$$EXIT                       
00000d07  abort                         
00000f50  __TI_Handler_Table_Base       
00000f54  __TI_CINIT_Base               
00000f54  __TI_Handler_Table_Limit      
00000f64  __TI_CINIT_Limit              
20000000  __start___llvm_prf_cnts       
20000000  __stop___llvm_prf_cnts        
20000000  g_pfnRAMVectors               
20000270  __stack                       
20000470  __STACK_END                   
20000470  __STACK_TOP                   
20000470  uartBuffer                    
200004a4  blue                          
200004a6  green                         
200004a8  red                           
200004aa  tmrCnt                        
200004ab  uartCnt                       
ffffffff  __TI_pprof_out_hndl           
ffffffff  __TI_prof_data_size           
ffffffff  __TI_prof_data_start          
ffffffff  __binit__                     
ffffffff  __c_args__                    
ffffffff  binit                         
UNDEFED   __mpu_init                    
UNDEFED   _system_post_cinit            

[71 symbols]
